// Jest Snapshot v1, https://goo.gl/fbAQLP

exports[`TableComponent renders correctly with mock data 1`] = `
Object {
  "asFragment": [Function],
  "baseElement": <body>
    <div>
      <div>
        <table
          class="Base-tableComponent"
        >
          <thead>
            <tr>
              <th
                class="Base-tableHeader"
              >
                Asset Class
              </th>
              <th
                class="Base-tableHeader"
              >
                Price
              </th>
              <th
                class="Base-tableHeader"
              >
                Ticker
              </th>
            </tr>
          </thead>
          <tbody>
            <tr
              style="background: rgb(124, 185, 232);"
            >
              <td>
                Equities
              </td>
              <td
                style="color: red;"
              >
                -3791.37
              </td>
              <td>
                BETA
              </td>
            </tr>
            <tr
              style="background: rgb(124, 185, 232);"
            >
              <td>
                Equities
              </td>
              <td
                style="color: black;"
              >
                2299.1
              </td>
              <td>
                GAMMA
              </td>
            </tr>
            <tr
              style="background: rgb(124, 185, 232);"
            >
              <td>
                Equities
              </td>
              <td
                style="color: black;"
              >
                3132.66
              </td>
              <td>
                DELTA
              </td>
            </tr>
            <tr
              style="background: rgb(124, 185, 232);"
            >
              <td>
                Equities
              </td>
              <td
                style="color: black;"
              >
                2735.1
              </td>
              <td>
                OMIKRON
              </td>
            </tr>
            <tr
              style="background: rgb(124, 185, 232);"
            >
              <td>
                Equities
              </td>
              <td
                style="color: black;"
              >
                1854.19
              </td>
              <td>
                SIGMA
              </td>
            </tr>
            <tr
              style="background: rgb(124, 185, 232);"
            >
              <td>
                Equities
              </td>
              <td
                style="color: black;"
              >
                2306.35
              </td>
              <td>
                OMEGA
              </td>
            </tr>
            <tr
              style="background: white;"
            >
              <td>
                Macro
              </td>
              <td
                style="color: black;"
              >
                3089.2
              </td>
              <td>
                ETA
              </td>
            </tr>
            <tr
              style="background: white;"
            >
              <td>
                Macro
              </td>
              <td
                style="color: black;"
              >
                1075.44
              </td>
              <td>
                THETA
              </td>
            </tr>
            <tr
              style="background: white;"
            >
              <td>
                Macro
              </td>
              <td
                style="color: black;"
              >
                1096.64
              </td>
              <td>
                IOTA
              </td>
            </tr>
            <tr
              style="background: white;"
            >
              <td>
                Macro
              </td>
              <td
                style="color: black;"
              >
                2136.64
              </td>
              <td>
                MU
              </td>
            </tr>
            <tr
              style="background: white;"
            >
              <td>
                Macro
              </td>
              <td
                style="color: black;"
              >
                2744.89
              </td>
              <td>
                NU
              </td>
            </tr>
            <tr
              style="background: white;"
            >
              <td>
                Macro
              </td>
              <td
                style="color: black;"
              >
                2082.71
              </td>
              <td>
                TAU
              </td>
            </tr>
            <tr
              style="background: rgb(50, 222, 132);"
            >
              <td>
                Credit
              </td>
              <td
                style="color: red;"
              >
                -3150.67
              </td>
              <td>
                ALPHA
              </td>
            </tr>
            <tr
              style="background: rgb(50, 222, 132);"
            >
              <td>
                Credit
              </td>
              <td
                style="color: black;"
              >
                1168.46
              </td>
              <td>
                EPSILON
              </td>
            </tr>
            <tr
              style="background: rgb(50, 222, 132);"
            >
              <td>
                Credit
              </td>
              <td
                style="color: black;"
              >
                2716.78
              </td>
              <td>
                ZETA
              </td>
            </tr>
            <tr
              style="background: rgb(50, 222, 132);"
            >
              <td>
                Credit
              </td>
              <td
                style="color: black;"
              >
                2321.17
              </td>
              <td>
                KAPPA
              </td>
            </tr>
            <tr
              style="background: rgb(50, 222, 132);"
            >
              <td>
                Credit
              </td>
              <td
                style="color: black;"
              >
                1472.2
              </td>
              <td>
                LAMBDA
              </td>
            </tr>
            <tr
              style="background: rgb(50, 222, 132);"
            >
              <td>
                Credit
              </td>
              <td
                style="color: black;"
              >
                2997.78
              </td>
              <td>
                PSI
              </td>
            </tr>
          </tbody>
        </table>
      </div>
    </div>
  </body>,
  "container": <div>
    <div>
      <table
        class="Base-tableComponent"
      >
        <thead>
          <tr>
            <th
              class="Base-tableHeader"
            >
              Asset Class
            </th>
            <th
              class="Base-tableHeader"
            >
              Price
            </th>
            <th
              class="Base-tableHeader"
            >
              Ticker
            </th>
          </tr>
        </thead>
        <tbody>
          <tr
            style="background: rgb(124, 185, 232);"
          >
            <td>
              Equities
            </td>
            <td
              style="color: red;"
            >
              -3791.37
            </td>
            <td>
              BETA
            </td>
          </tr>
          <tr
            style="background: rgb(124, 185, 232);"
          >
            <td>
              Equities
            </td>
            <td
              style="color: black;"
            >
              2299.1
            </td>
            <td>
              GAMMA
            </td>
          </tr>
          <tr
            style="background: rgb(124, 185, 232);"
          >
            <td>
              Equities
            </td>
            <td
              style="color: black;"
            >
              3132.66
            </td>
            <td>
              DELTA
            </td>
          </tr>
          <tr
            style="background: rgb(124, 185, 232);"
          >
            <td>
              Equities
            </td>
            <td
              style="color: black;"
            >
              2735.1
            </td>
            <td>
              OMIKRON
            </td>
          </tr>
          <tr
            style="background: rgb(124, 185, 232);"
          >
            <td>
              Equities
            </td>
            <td
              style="color: black;"
            >
              1854.19
            </td>
            <td>
              SIGMA
            </td>
          </tr>
          <tr
            style="background: rgb(124, 185, 232);"
          >
            <td>
              Equities
            </td>
            <td
              style="color: black;"
            >
              2306.35
            </td>
            <td>
              OMEGA
            </td>
          </tr>
          <tr
            style="background: white;"
          >
            <td>
              Macro
            </td>
            <td
              style="color: black;"
            >
              3089.2
            </td>
            <td>
              ETA
            </td>
          </tr>
          <tr
            style="background: white;"
          >
            <td>
              Macro
            </td>
            <td
              style="color: black;"
            >
              1075.44
            </td>
            <td>
              THETA
            </td>
          </tr>
          <tr
            style="background: white;"
          >
            <td>
              Macro
            </td>
            <td
              style="color: black;"
            >
              1096.64
            </td>
            <td>
              IOTA
            </td>
          </tr>
          <tr
            style="background: white;"
          >
            <td>
              Macro
            </td>
            <td
              style="color: black;"
            >
              2136.64
            </td>
            <td>
              MU
            </td>
          </tr>
          <tr
            style="background: white;"
          >
            <td>
              Macro
            </td>
            <td
              style="color: black;"
            >
              2744.89
            </td>
            <td>
              NU
            </td>
          </tr>
          <tr
            style="background: white;"
          >
            <td>
              Macro
            </td>
            <td
              style="color: black;"
            >
              2082.71
            </td>
            <td>
              TAU
            </td>
          </tr>
          <tr
            style="background: rgb(50, 222, 132);"
          >
            <td>
              Credit
            </td>
            <td
              style="color: red;"
            >
              -3150.67
            </td>
            <td>
              ALPHA
            </td>
          </tr>
          <tr
            style="background: rgb(50, 222, 132);"
          >
            <td>
              Credit
            </td>
            <td
              style="color: black;"
            >
              1168.46
            </td>
            <td>
              EPSILON
            </td>
          </tr>
          <tr
            style="background: rgb(50, 222, 132);"
          >
            <td>
              Credit
            </td>
            <td
              style="color: black;"
            >
              2716.78
            </td>
            <td>
              ZETA
            </td>
          </tr>
          <tr
            style="background: rgb(50, 222, 132);"
          >
            <td>
              Credit
            </td>
            <td
              style="color: black;"
            >
              2321.17
            </td>
            <td>
              KAPPA
            </td>
          </tr>
          <tr
            style="background: rgb(50, 222, 132);"
          >
            <td>
              Credit
            </td>
            <td
              style="color: black;"
            >
              1472.2
            </td>
            <td>
              LAMBDA
            </td>
          </tr>
          <tr
            style="background: rgb(50, 222, 132);"
          >
            <td>
              Credit
            </td>
            <td
              style="color: black;"
            >
              2997.78
            </td>
            <td>
              PSI
            </td>
          </tr>
        </tbody>
      </table>
    </div>
  </div>,
  "debug": [Function],
  "findAllByAltText": [Function],
  "findAllByDisplayValue": [Function],
  "findAllByLabelText": [Function],
  "findAllByPlaceholderText": [Function],
  "findAllByRole": [Function],
  "findAllByTestId": [Function],
  "findAllByText": [Function],
  "findAllByTitle": [Function],
  "findByAltText": [Function],
  "findByDisplayValue": [Function],
  "findByLabelText": [Function],
  "findByPlaceholderText": [Function],
  "findByRole": [Function],
  "findByTestId": [Function],
  "findByText": [Function],
  "findByTitle": [Function],
  "getAllByAltText": [Function],
  "getAllByDisplayValue": [Function],
  "getAllByLabelText": [Function],
  "getAllByPlaceholderText": [Function],
  "getAllByRole": [Function],
  "getAllByTestId": [Function],
  "getAllByText": [Function],
  "getAllByTitle": [Function],
  "getByAltText": [Function],
  "getByDisplayValue": [Function],
  "getByLabelText": [Function],
  "getByPlaceholderText": [Function],
  "getByRole": [Function],
  "getByTestId": [Function],
  "getByText": [Function],
  "getByTitle": [Function],
  "queryAllByAltText": [Function],
  "queryAllByDisplayValue": [Function],
  "queryAllByLabelText": [Function],
  "queryAllByPlaceholderText": [Function],
  "queryAllByRole": [Function],
  "queryAllByTestId": [Function],
  "queryAllByText": [Function],
  "queryAllByTitle": [Function],
  "queryByAltText": [Function],
  "queryByDisplayValue": [Function],
  "queryByLabelText": [Function],
  "queryByPlaceholderText": [Function],
  "queryByRole": [Function],
  "queryByTestId": [Function],
  "queryByText": [Function],
  "queryByTitle": [Function],
  "rerender": [Function],
  "unmount": [Function],
}
`;

exports[`TableComponent renders loading message when data is empty 1`] = `
Object {
  "asFragment": [Function],
  "baseElement": <body>
    <div>
      <div>
        <table
          class="Base-tableComponent"
        >
          <thead>
            <tr>
              <th
                class="Base-tableHeader"
              >
                Asset Class
              </th>
              <th
                class="Base-tableHeader"
              >
                Price
              </th>
              <th
                class="Base-tableHeader"
              >
                Ticker
              </th>
            </tr>
          </thead>
          <tbody>
            <tr
              style="background: rgb(124, 185, 232);"
            >
              <td>
                Equities
              </td>
              <td
                style="color: red;"
              >
                -3791.37
              </td>
              <td>
                BETA
              </td>
            </tr>
            <tr
              style="background: rgb(124, 185, 232);"
            >
              <td>
                Equities
              </td>
              <td
                style="color: black;"
              >
                2299.1
              </td>
              <td>
                GAMMA
              </td>
            </tr>
            <tr
              style="background: rgb(124, 185, 232);"
            >
              <td>
                Equities
              </td>
              <td
                style="color: black;"
              >
                3132.66
              </td>
              <td>
                DELTA
              </td>
            </tr>
            <tr
              style="background: rgb(124, 185, 232);"
            >
              <td>
                Equities
              </td>
              <td
                style="color: black;"
              >
                2735.1
              </td>
              <td>
                OMIKRON
              </td>
            </tr>
            <tr
              style="background: rgb(124, 185, 232);"
            >
              <td>
                Equities
              </td>
              <td
                style="color: black;"
              >
                1854.19
              </td>
              <td>
                SIGMA
              </td>
            </tr>
            <tr
              style="background: rgb(124, 185, 232);"
            >
              <td>
                Equities
              </td>
              <td
                style="color: black;"
              >
                2306.35
              </td>
              <td>
                OMEGA
              </td>
            </tr>
            <tr
              style="background: white;"
            >
              <td>
                Macro
              </td>
              <td
                style="color: black;"
              >
                3089.2
              </td>
              <td>
                ETA
              </td>
            </tr>
            <tr
              style="background: white;"
            >
              <td>
                Macro
              </td>
              <td
                style="color: black;"
              >
                1075.44
              </td>
              <td>
                THETA
              </td>
            </tr>
            <tr
              style="background: white;"
            >
              <td>
                Macro
              </td>
              <td
                style="color: black;"
              >
                1096.64
              </td>
              <td>
                IOTA
              </td>
            </tr>
            <tr
              style="background: white;"
            >
              <td>
                Macro
              </td>
              <td
                style="color: black;"
              >
                2136.64
              </td>
              <td>
                MU
              </td>
            </tr>
            <tr
              style="background: white;"
            >
              <td>
                Macro
              </td>
              <td
                style="color: black;"
              >
                2744.89
              </td>
              <td>
                NU
              </td>
            </tr>
            <tr
              style="background: white;"
            >
              <td>
                Macro
              </td>
              <td
                style="color: black;"
              >
                2082.71
              </td>
              <td>
                TAU
              </td>
            </tr>
            <tr
              style="background: rgb(50, 222, 132);"
            >
              <td>
                Credit
              </td>
              <td
                style="color: red;"
              >
                -3150.67
              </td>
              <td>
                ALPHA
              </td>
            </tr>
            <tr
              style="background: rgb(50, 222, 132);"
            >
              <td>
                Credit
              </td>
              <td
                style="color: black;"
              >
                1168.46
              </td>
              <td>
                EPSILON
              </td>
            </tr>
            <tr
              style="background: rgb(50, 222, 132);"
            >
              <td>
                Credit
              </td>
              <td
                style="color: black;"
              >
                2716.78
              </td>
              <td>
                ZETA
              </td>
            </tr>
            <tr
              style="background: rgb(50, 222, 132);"
            >
              <td>
                Credit
              </td>
              <td
                style="color: black;"
              >
                2321.17
              </td>
              <td>
                KAPPA
              </td>
            </tr>
            <tr
              style="background: rgb(50, 222, 132);"
            >
              <td>
                Credit
              </td>
              <td
                style="color: black;"
              >
                1472.2
              </td>
              <td>
                LAMBDA
              </td>
            </tr>
            <tr
              style="background: rgb(50, 222, 132);"
            >
              <td>
                Credit
              </td>
              <td
                style="color: black;"
              >
                2997.78
              </td>
              <td>
                PSI
              </td>
            </tr>
          </tbody>
        </table>
      </div>
    </div>
  </body>,
  "container": <div>
    <div>
      <table
        class="Base-tableComponent"
      >
        <thead>
          <tr>
            <th
              class="Base-tableHeader"
            >
              Asset Class
            </th>
            <th
              class="Base-tableHeader"
            >
              Price
            </th>
            <th
              class="Base-tableHeader"
            >
              Ticker
            </th>
          </tr>
        </thead>
        <tbody>
          <tr
            style="background: rgb(124, 185, 232);"
          >
            <td>
              Equities
            </td>
            <td
              style="color: red;"
            >
              -3791.37
            </td>
            <td>
              BETA
            </td>
          </tr>
          <tr
            style="background: rgb(124, 185, 232);"
          >
            <td>
              Equities
            </td>
            <td
              style="color: black;"
            >
              2299.1
            </td>
            <td>
              GAMMA
            </td>
          </tr>
          <tr
            style="background: rgb(124, 185, 232);"
          >
            <td>
              Equities
            </td>
            <td
              style="color: black;"
            >
              3132.66
            </td>
            <td>
              DELTA
            </td>
          </tr>
          <tr
            style="background: rgb(124, 185, 232);"
          >
            <td>
              Equities
            </td>
            <td
              style="color: black;"
            >
              2735.1
            </td>
            <td>
              OMIKRON
            </td>
          </tr>
          <tr
            style="background: rgb(124, 185, 232);"
          >
            <td>
              Equities
            </td>
            <td
              style="color: black;"
            >
              1854.19
            </td>
            <td>
              SIGMA
            </td>
          </tr>
          <tr
            style="background: rgb(124, 185, 232);"
          >
            <td>
              Equities
            </td>
            <td
              style="color: black;"
            >
              2306.35
            </td>
            <td>
              OMEGA
            </td>
          </tr>
          <tr
            style="background: white;"
          >
            <td>
              Macro
            </td>
            <td
              style="color: black;"
            >
              3089.2
            </td>
            <td>
              ETA
            </td>
          </tr>
          <tr
            style="background: white;"
          >
            <td>
              Macro
            </td>
            <td
              style="color: black;"
            >
              1075.44
            </td>
            <td>
              THETA
            </td>
          </tr>
          <tr
            style="background: white;"
          >
            <td>
              Macro
            </td>
            <td
              style="color: black;"
            >
              1096.64
            </td>
            <td>
              IOTA
            </td>
          </tr>
          <tr
            style="background: white;"
          >
            <td>
              Macro
            </td>
            <td
              style="color: black;"
            >
              2136.64
            </td>
            <td>
              MU
            </td>
          </tr>
          <tr
            style="background: white;"
          >
            <td>
              Macro
            </td>
            <td
              style="color: black;"
            >
              2744.89
            </td>
            <td>
              NU
            </td>
          </tr>
          <tr
            style="background: white;"
          >
            <td>
              Macro
            </td>
            <td
              style="color: black;"
            >
              2082.71
            </td>
            <td>
              TAU
            </td>
          </tr>
          <tr
            style="background: rgb(50, 222, 132);"
          >
            <td>
              Credit
            </td>
            <td
              style="color: red;"
            >
              -3150.67
            </td>
            <td>
              ALPHA
            </td>
          </tr>
          <tr
            style="background: rgb(50, 222, 132);"
          >
            <td>
              Credit
            </td>
            <td
              style="color: black;"
            >
              1168.46
            </td>
            <td>
              EPSILON
            </td>
          </tr>
          <tr
            style="background: rgb(50, 222, 132);"
          >
            <td>
              Credit
            </td>
            <td
              style="color: black;"
            >
              2716.78
            </td>
            <td>
              ZETA
            </td>
          </tr>
          <tr
            style="background: rgb(50, 222, 132);"
          >
            <td>
              Credit
            </td>
            <td
              style="color: black;"
            >
              2321.17
            </td>
            <td>
              KAPPA
            </td>
          </tr>
          <tr
            style="background: rgb(50, 222, 132);"
          >
            <td>
              Credit
            </td>
            <td
              style="color: black;"
            >
              1472.2
            </td>
            <td>
              LAMBDA
            </td>
          </tr>
          <tr
            style="background: rgb(50, 222, 132);"
          >
            <td>
              Credit
            </td>
            <td
              style="color: black;"
            >
              2997.78
            </td>
            <td>
              PSI
            </td>
          </tr>
        </tbody>
      </table>
    </div>
  </div>,
  "debug": [Function],
  "findAllByAltText": [Function],
  "findAllByDisplayValue": [Function],
  "findAllByLabelText": [Function],
  "findAllByPlaceholderText": [Function],
  "findAllByRole": [Function],
  "findAllByTestId": [Function],
  "findAllByText": [Function],
  "findAllByTitle": [Function],
  "findByAltText": [Function],
  "findByDisplayValue": [Function],
  "findByLabelText": [Function],
  "findByPlaceholderText": [Function],
  "findByRole": [Function],
  "findByTestId": [Function],
  "findByText": [Function],
  "findByTitle": [Function],
  "getAllByAltText": [Function],
  "getAllByDisplayValue": [Function],
  "getAllByLabelText": [Function],
  "getAllByPlaceholderText": [Function],
  "getAllByRole": [Function],
  "getAllByTestId": [Function],
  "getAllByText": [Function],
  "getAllByTitle": [Function],
  "getByAltText": [Function],
  "getByDisplayValue": [Function],
  "getByLabelText": [Function],
  "getByPlaceholderText": [Function],
  "getByRole": [Function],
  "getByTestId": [Function],
  "getByText": [Function],
  "getByTitle": [Function],
  "queryAllByAltText": [Function],
  "queryAllByDisplayValue": [Function],
  "queryAllByLabelText": [Function],
  "queryAllByPlaceholderText": [Function],
  "queryAllByRole": [Function],
  "queryAllByTestId": [Function],
  "queryAllByText": [Function],
  "queryAllByTitle": [Function],
  "queryByAltText": [Function],
  "queryByDisplayValue": [Function],
  "queryByLabelText": [Function],
  "queryByPlaceholderText": [Function],
  "queryByRole": [Function],
  "queryByTestId": [Function],
  "queryByText": [Function],
  "queryByTitle": [Function],
  "rerender": [Function],
  "unmount": [Function],
}
`;
